// Jest Snapshot v1, https://goo.gl/fbAQLP

exports[`Average 2 The average 10, 10 and 5 must be 10 1`] = `"AVERAGE = 7.5"`;

exports[`Average 2 The average for 5, 6 and 7 must be 6.3 1`] = `"AVERAGE = 6.3"`;

exports[`Average 2 The average for 5, 10 and 10 must be 9 1`] = `"AVERAGE = 9"`;
